1.创建版本库
首先，选择一个合适的地方，创建一个空目录：
 	$ mkdir learngit
 	$ cd learngit
	$ pwd
	/Users/michael/learngit
（pwd命令用于显示当前目录，这个仓库位于/Users/michael/learngit）

2.第二步，通过git init命令把这个目录变成Git可以管理的仓库：
	$ git init
	Initialized empty Git repository in /Users/michael/learngit/.git/
（空的仓库建好了
当前目录下多了一个.git的目录，这个目录是Git来跟踪管理版本库的，没事千万不要手动修改这个目录里面的文件
如果没有看到.git目录，那是因为这个目录默认是隐藏的，用ls -ah命令就可以看见）

3.编写一个readme.txt文件
	Git is a version control system.
	Git is free software.
	一定要放到learngit目录下（子目录也行）
	把一个文件放到Git仓库只需要两步
		第一步，用命令git add告诉Git，把文件添加到仓库（执行上面的命令，没有任何显示）：
			$ git add readme.txt
		第二步，用命令git commit告诉Git，把文件提交到仓库：
			$ git commit -m "wrote a readme file"
			[master (root-commit) eaadf4e] wrote a readme file
			1 file changed, 2 insertions(+)
 			create mode 100644 readme.txt
 			（-m后面输入的是本次提交的说明，可以输入任意内容）
 		commit可以一次提交很多文件，所以可以多次add不同的文件，比如：
			$ git add file1.txt
			$ git add file2.txt file3.txt
			$ git commit -m "add 3 files."

4.已经成功地添加并提交了一个readme.txt文件，现在，是时候继续工作了，于是，我们继续修改readme.txt文件，改成如下内容：
	Git is a distributed version control system.
	Git is free software.

5.git status命令看看结果
	$ git status
	On branch master
	Changes not staged for commit:
  (use "git add <file>..." to update what will be committed)
  (use "git checkout -- <file>..." to discard changes in working directory)

    modified:   readme.txt

	no changes added to commit (use "git add" and/or "git commit -a")

6.已经记不清上次怎么修改的readme.txt，需要用git diff这个命令看看
	$ git diff readme.txt 
	diff --git a/readme.txt b/readme.txt
	index 46d49bf..9247db6 100644
	--- a/readme.txt
	+++ b/readme.txt
	@@ -1,2 +1,2 @@
	-Git is a version control system.
	+Git is a distributed version control system.
 	Git is free software.

7.提交修改和提交新文件是一样的两步
	第一步是git add
		$ git add readme.txt
	运行git status看看当前仓库的状态：
		$ git status
		On branch master
		Changes to be committed:
  		(use "git reset HEAD <file>..." to unstage)
					modified:   readme.txt
	将要被提交的修改包括readme.txt，下一步，提交：
		$ git commit -m "add distributed"
		[master e475afc] add distributed
 		1 file changed, 1 insertion(+), 1 deletion(-)
 	再用git status命令看看仓库的当前状态：
 		$ git status
		On branch master
		nothing to commit, working tree clean

8.用git log命令查看历史纪录：
	$ git log 可以加上某些参数

9.把readme.txt回退到上一个版本
	首先，Git必须知道当前版本是哪个版本，在Git中，用HEAD表示当前版本，上一个版本就是HEAD^，上上一个版本就是HEAD^^，往上100个版本写100个^比较容易数不过来，所以写成HEAD~100。
	使用git reset命令：
		$ git reset --hard HEAD^
		HEAD is now at e475afc add distributed
	只要上面的命令行窗口还没有被关掉，就可以顺着往上找，找到上一级的commit id，就可以指定回到未来的某个版本：
		$ git reset --hard 1094a
		HEAD is now at 83b0afe append GPL

10.Git提供了一个命令git reflog用来记录你的每一次命令：
	$ git reflog
	e475afc HEAD@{1}: reset: moving to HEAD^
	1094adb (HEAD -> master) HEAD@{2}: commit: append GPL
	e475afc HEAD@{3}: commit: add distributed
	eaadf4e HEAD@{4}: commit (initial): wrote a readme file

11.工作区（Working Directory）：电脑上能看到的目录
版本库（Repository）
工作区有一个隐藏目录.git，这个不算工作区，而是Git的版本库。
Git的版本库里存了很多东西，其中最重要的就是称为stage（或者叫index）的暂存区，还有Git为我们自动创建的第一个分支master，以及指向master的一个指针叫HEAD。
git add命令实际上就是把要提交的所有修改放到暂存区（Stage），然后，执行git commit就可以一次性把暂存区的所有修改提交到分支。
	$ git commit -m "understand how stage works"
	[master e43a48b] understand how stage works
 	2 files changed, 2 insertions(+)
 	create mode 100644 LICENSE
 	未对工作区进行修改
 	$ git status
	On branch master
	nothing to commit, working tree clean

12.管理修改
提交第二次修改，可以继续git add再git commit，也可以别着急提交第一次修改，先git add第二次修改，再git commit，就相当于把两次修改合并后一块提交了：
第一次修改 -> git add -> 第二次修改 -> git add -> git commit

12.撤销修改
git checkout -- file可以丢弃工作区的修改：
	$ git checkout -- readme.txt
	上面的命令把readme.txt文件在工作区的修改全部撤销，这里有两种情况：
		一种是readme.txt自修改后还没有被放到暂存区，现在，撤销修改就回到和版本库一模一样的状态；
		一种是readme.txt已经添加到暂存区后，又作了修改，现在，撤销修改就回到添加到暂存区后的状态。
	命令中的“--”很重要，没有“--”，就变成了“切换到另一个分支”的命令
用命令git reset HEAD <file>可以把暂存区的修改撤销掉（unstage），重新放回工作区：
	$ git reset HEAD readme.txt
	Unstaged changes after reset:
	M    readme.txt

13.删除文件
添加一个新文件test.txt到Git并且提交：
	$ git add test.txt
	$ git commit -m "add test.txt"
一般情况下，通常直接在文件管理器中把没用的文件删了，或者用rm命令删了：
	$ rm test.txt
这个时候，Git知道你删除了文件，因此，工作区和版本库就不一致了，git status命令会立刻告诉你哪些文件被删除了：
	$ git status
	现在你有两个选择，一是确实要从版本库中删除该文件，那就用命令git rm删掉，并且git commit：
		$ git rm test.txt
	另一种情况是删错了，因为版本库里还有呢，所以可以很轻松地把误删的文件恢复到最新版本：
		$ git checkout -- test.txt

14.远程仓库
第1步：创建SSH Key。在用户主目录下，看看有没有.ssh目录，如果有，再看看这个目录下有没有id_rsa和id_rsa.pub这两个文件，如果已经有了，可直接跳到下一步。如果没有，打开Shell（Windows下打开Git Bash），创建SSH Key：
	$ ssh-keygen -t rsa -C "youremail@example.com"	
	你需要把邮件地址换成你自己的邮件地址，然后一路回车，使用默认值即可，由于这个Key也不是用于军事目的，所以也无需设置密码。
	在用户主目录里找到.ssh目录，里面有id_rsa和id_rsa.pub两个文件，这两个就是SSH
	Key的秘钥对，id_rsa是私钥，不能泄露出去，id_rsa.pub是公钥。
第2步：登陆GitHub，打开“Account settings”，“SSH Keys”页面：
然后，点“Add SSH Key”，填上任意Title，在Key文本框里粘贴id_rsa.pub文件的内容：

15.添加远程库
首先，登陆GitHub，然后，在右上角找到“Create a new repo”按钮，创建一个新的仓库
在Repository name填入learngit，其他保持默认设置，点击“Create repository”按钮，就成功地创建了一个新的Git仓库：

目前，在GitHub上的这个learngit仓库还是空的，GitHub告诉我们，可以从这个仓库克隆出新的仓库，也可以把一个已有的本地仓库与之关联，然后，把本地仓库的内容推送到GitHub仓库。

现在，我们根据GitHub的提示，在本地的learngit仓库下运行命令：
	$ git remote add origin git@github.com:michaelliao/learngit.git

添加后，远程库的名字就是origin，这是Git默认的叫法，也可以改成别的，但是origin这个名字一看就知道是远程库。

下一步，就可以把本地库的所有内容推送到远程库上：
	$ git push -u origin master
	Counting objects: 20, done.
	Delta compression using up to 4 threads.
	Compressing objects: 100% (15/15), done.
	Writing objects: 100% (20/20), 1.64 KiB | 560.00 KiB/s, done.
	Total 20 (delta 5), reused 0 (delta 0)
	remote: Resolving deltas: 100% (5/5), done.
	To github.com:michaelliao/learngit.git
 	* [new branch]      master -> master
	Branch 'master' set up to track remote branch 'master' from 'origin'.
把本地库的内容推送到远程，用git push命令，实际上是把当前分支master推送到远程。

由于远程库是空的，我们第一次推送master分支时，加上了-u参数，Git不但会把本地的master分支内容推送的远程新的master分支，还会把本地的master分支和远程的master分支关联起来，在以后的推送或者拉取时就可以简化命令。



tips: 在命令行打比较长的字的时候，可以打出前面一部分然后按Tab键自动补全，可以避免打错
用ls -al查看创建cd后是否加入目录
进入之后重新git init
按照之前的流程重新完成

关联一个远程库，使用命令git remote add origin git@server-name:path/repo-name.git；

关联后，使用命令git push -u origin master第一次推送master分支的所有内容；

此后，每次本地提交后，只要有必要，就可以使用命令git push origin master推送最新修改；
























