1.创建版本库
首先，选择一个合适的地方，创建一个空目录：
 	$ mkdir learngit
 	$ cd learngit
	$ pwd
	/Users/michael/learngit
（pwd命令用于显示当前目录，这个仓库位于/Users/michael/learngit）

2.第二步，通过git init命令把这个目录变成Git可以管理的仓库：
	$ git init
	Initialized empty Git repository in /Users/michael/learngit/.git/
（空的仓库建好了
当前目录下多了一个.git的目录，这个目录是Git来跟踪管理版本库的，没事千万不要手动修改这个目录里面的文件
如果没有看到.git目录，那是因为这个目录默认是隐藏的，用ls -ah命令就可以看见）

3.编写一个readme.txt文件
	Git is a version control system.
	Git is free software.
	一定要放到learngit目录下（子目录也行）
	把一个文件放到Git仓库只需要两步
		第一步，用命令git add告诉Git，把文件添加到仓库（执行上面的命令，没有任何显示）：
			$ git add readme.txt
		第二步，用命令git commit告诉Git，把文件提交到仓库：
			$ git commit -m "wrote a readme file"
			[master (root-commit) eaadf4e] wrote a readme file
			1 file changed, 2 insertions(+)
 			create mode 100644 readme.txt
 			（-m后面输入的是本次提交的说明，可以输入任意内容）
 		commit可以一次提交很多文件，所以可以多次add不同的文件，比如：
			$ git add file1.txt
			$ git add file2.txt file3.txt
			$ git commit -m "add 3 files."

4.已经成功地添加并提交了一个readme.txt文件，现在，是时候继续工作了，于是，我们继续修改readme.txt文件，改成如下内容：
	Git is a distributed version control system.
	Git is free software.

5.git status命令看看结果
	$ git status
	On branch master
	Changes not staged for commit:
  (use "git add <file>..." to update what will be committed)
  (use "git checkout -- <file>..." to discard changes in working directory)

    modified:   readme.txt

	no changes added to commit (use "git add" and/or "git commit -a")

6.已经记不清上次怎么修改的readme.txt，需要用git diff这个命令看看
	$ git diff readme.txt 
	diff --git a/readme.txt b/readme.txt
	index 46d49bf..9247db6 100644
	--- a/readme.txt
	+++ b/readme.txt
	@@ -1,2 +1,2 @@
	-Git is a version control system.
	+Git is a distributed version control system.
 	Git is free software.

7.提交修改和提交新文件是一样的两步
	第一步是git add
		$ git add readme.txt
	运行git status看看当前仓库的状态：
		$ git status
		On branch master
		Changes to be committed:
  		(use "git reset HEAD <file>..." to unstage)
					modified:   readme.txt
	将要被提交的修改包括readme.txt，下一步，提交：
		$ git commit -m "add distributed"
		[master e475afc] add distributed
 		1 file changed, 1 insertion(+), 1 deletion(-)
 	再用git status命令看看仓库的当前状态：
 		$ git status
		On branch master
		nothing to commit, working tree clean

























